<?xml version="1.0" encoding="utf-8"?><testsuites name="pytest tests"><testsuite name="pytest" errors="0" failures="0" skipped="2" tests="48" time="4.957" timestamp="2026-01-30T00:02:05.963213+08:00" hostname="ADreamLeftdeMacBook-Air.local"><testcase classname="tests.test_data" name="test_get_batch" time="0.340" /><testcase classname="tests.test_model" name="test_linear" time="0.029" /><testcase classname="tests.test_model" name="test_embedding" time="0.039" /><testcase classname="tests.test_model" name="test_swiglu" time="0.009" /><testcase classname="tests.test_model" name="test_scaled_dot_product_attention" time="0.010" /><testcase classname="tests.test_model" name="test_4d_scaled_dot_product_attention" time="0.548" /><testcase classname="tests.test_model" name="test_multihead_self_attention" time="0.009" /><testcase classname="tests.test_model" name="test_multihead_self_attention_with_rope" time="0.010" /><testcase classname="tests.test_model" name="test_transformer_lm" time="0.038" /><testcase classname="tests.test_model" name="test_transformer_lm_truncated_input" time="0.030" /><testcase classname="tests.test_model" name="test_transformer_block" time="0.006" /><testcase classname="tests.test_model" name="test_rmsnorm" time="0.005" /><testcase classname="tests.test_model" name="test_rope" time="0.002" /><testcase classname="tests.test_model" name="test_silu_matches_pytorch" time="0.001" /><testcase classname="tests.test_nn_utils" name="test_softmax_matches_pytorch" time="0.001" /><testcase classname="tests.test_nn_utils" name="test_cross_entropy" time="0.004" /><testcase classname="tests.test_nn_utils" name="test_gradient_clipping" time="0.022" /><testcase classname="tests.test_optimizer" name="test_adamw" time="0.177" /><testcase classname="tests.test_optimizer" name="test_get_lr_cosine_schedule" time="0.000" /><testcase classname="tests.test_serialization" name="test_checkpointing" time="0.013" /><testcase classname="tests.test_tokenizer" name="test_roundtrip_empty" time="0.089" /><testcase classname="tests.test_tokenizer" name="test_empty_matches_tiktoken" time="0.260" /><testcase classname="tests.test_tokenizer" name="test_roundtrip_single_character" time="0.089" /><testcase classname="tests.test_tokenizer" name="test_single_character_matches_tiktoken" time="0.088" /><testcase classname="tests.test_tokenizer" name="test_roundtrip_single_unicode_character" time="0.087" /><testcase classname="tests.test_tokenizer" name="test_single_unicode_character_matches_tiktoken" time="0.087" /><testcase classname="tests.test_tokenizer" name="test_roundtrip_ascii_string" time="0.089" /><testcase classname="tests.test_tokenizer" name="test_ascii_string_matches_tiktoken" time="0.088" /><testcase classname="tests.test_tokenizer" name="test_roundtrip_unicode_string" time="0.086" /><testcase classname="tests.test_tokenizer" name="test_unicode_string_matches_tiktoken" time="0.087" /><testcase classname="tests.test_tokenizer" name="test_roundtrip_unicode_string_with_special_tokens" time="0.087" /><testcase classname="tests.test_tokenizer" name="test_unicode_string_with_special_tokens_matches_tiktoken" time="0.088" /><testcase classname="tests.test_tokenizer" name="test_overlapping_special_tokens" time="0.087" /><testcase classname="tests.test_tokenizer" name="test_address_roundtrip" time="0.136" /><testcase classname="tests.test_tokenizer" name="test_address_matches_tiktoken" time="0.089" /><testcase classname="tests.test_tokenizer" name="test_german_roundtrip" time="0.103" /><testcase classname="tests.test_tokenizer" name="test_german_matches_tiktoken" time="0.090" /><testcase classname="tests.test_tokenizer" name="test_tinystories_sample_roundtrip" time="0.094" /><testcase classname="tests.test_tokenizer" name="test_tinystories_matches_tiktoken" time="0.089" /><testcase classname="tests.test_tokenizer" name="test_encode_special_token_trailing_newlines" time="0.087" /><testcase classname="tests.test_tokenizer" name="test_encode_special_token_double_newline_non_whitespace" time="0.087" /><testcase classname="tests.test_tokenizer" name="test_encode_iterable_tinystories_sample_roundtrip" time="0.087" /><testcase classname="tests.test_tokenizer" name="test_encode_iterable_tinystories_matches_tiktoken" time="0.089" /><testcase classname="tests.test_tokenizer" name="test_encode_iterable_memory_usage" time="0.000"><skipped type="pytest.skip" message="rlimit support for non-linux systems is spotty.">/Users/adl/Downloads/llm-from-scratch-assignment1-basics/tests/test_tokenizer.py:416: rlimit support for non-linux systems is spotty.</skipped></testcase><testcase classname="tests.test_tokenizer" name="test_encode_memory_usage" time="0.000"><skipped type="pytest.skip" message="rlimit support for non-linux systems is spotty.">/Users/adl/Downloads/llm-from-scratch-assignment1-basics/tests/test_tokenizer.py:431: rlimit support for non-linux systems is spotty.</skipped></testcase><testcase classname="tests.test_train_bpe" name="test_train_bpe_speed" time="0.328" /><testcase classname="tests.test_train_bpe" name="test_train_bpe" time="0.314" /><testcase classname="tests.test_train_bpe" name="test_train_bpe_special_tokens" time="0.688" /></testsuite></testsuites>